src/app/(components)/Sidebar/index.tsx(28,3): error TS2305: Module '"lucide-react"' has no exported member 'Briefcase'.
src/app/accountant/page.tsx(24,93): error TS2305: Module '"lucide-react"' has no exported member 'Check'.
src/app/complex-inter-company-sales/page.tsx(209,69): error TS18048: 'line.parentUnitPrice' is possibly 'undefined'.
src/app/complex-inter-company-sales/page.tsx(251,48): error TS18048: 'line.parentUnitPrice' is possibly 'undefined'.
src/app/complex-inter-company-sales/page.tsx(642,70): error TS18048: 'line.parentUnitPrice' is possibly 'undefined'.
src/app/complex-inter-company-sales/page.tsx(737,71): error TS18048: 'line.parentUnitPrice' is possibly 'undefined'.
src/app/customers/page.tsx(23,3): error TS2305: Module '"lucide-react"' has no exported member 'ChevronRight'.
src/app/customers/page.tsx(24,3): error TS2305: Module '"lucide-react"' has no exported member 'ChevronLeft'.
src/app/customers/page.tsx(30,3): error TS2305: Module '"lucide-react"' has no exported member 'CheckCircle'.
src/app/external-store-invoices/page.tsx(14,52): error TS2305: Module '"lucide-react"' has no exported member 'Check'.
src/app/general-receipts/page.tsx(34,5): error TS2305: Module '"lucide-react"' has no exported member 'Printer'.
src/app/general-receipts/page.tsx(35,5): error TS2305: Module '"lucide-react"' has no exported member 'ChevronLeft'.
src/app/general-receipts/page.tsx(36,5): error TS2305: Module '"lucide-react"' has no exported member 'ChevronRight'.
src/app/general-receipts/page.tsx(306,20): error TS2345: Argument of type '{ type: string; entityType: string; startDate: string; endDate: string; minAmount: string; maxAmount: string; treasuryId: string; }' is not assignable to parameter of type 'SetStateAction<{ type: string; entityType: string; startDate: string; endDate: string; minAmount: string; maxAmount: string; treasuryId: string; companyId: string; }>'.
  Property 'companyId' is missing in type '{ type: string; entityType: string; startDate: string; endDate: string; minAmount: string; maxAmount: string; treasuryId: string; }' but required in type '{ type: string; entityType: string; startDate: string; endDate: string; minAmount: string; maxAmount: string; treasuryId: string; companyId: string; }'.
src/app/inter-company-sales/page.tsx(163,37): error TS2551: Property 'prices' does not exist on type 'Product'. Did you mean 'price'?
src/app/inter-company-sales/page.tsx(650,103): error TS2339: Property 'boxes' does not exist on type '{ companyId: number; boxes: number; quantity: number; updatedAt: string; }[]'.
src/app/inter-company-sales/page.tsx(651,133): error TS2339: Property 'boxes' does not exist on type '{ companyId: number; boxes: number; quantity: number; updatedAt: string; }[]'.
src/app/inter-company-sales/page.tsx(654,94): error TS2339: Property 'boxes' does not exist on type '{ companyId: number; boxes: number; quantity: number; updatedAt: string; }[]'.
src/app/inter-company-sales/page.tsx(671,99): error TS2339: Property 'boxes' does not exist on type '{ companyId: number; boxes: number; quantity: number; updatedAt: string; }[]'.
src/app/inter-company-sales/page.tsx(680,133): error TS2339: Property 'boxes' does not exist on type '{ companyId: number; boxes: number; quantity: number; updatedAt: string; }[]'.
src/app/invoice-cost/page.tsx(76,37): error TS2554: Expected 1-2 arguments, but got 0.
src/app/notifications/page.tsx(6,3): error TS2305: Module '"lucide-react"' has no exported member 'Check'.
src/app/notifications/page.tsx(10,3): error TS2305: Module '"lucide-react"' has no exported member 'CheckCheck'.
src/app/payroll/page_test.tsx(50,5): error TS2305: Module '"lucide-react"' has no exported member 'Printer'.
src/app/permissions/UserPermissionsManager.tsx(34,31): error TS2554: Expected 1-2 arguments, but got 0.
src/app/permissions/UserPermissionsManager.tsx(144,29): error TS2339: Property 'map' does not exist on type '{ success: boolean; data: Role[]; }'.
src/app/permissions/UserPermissionsManager.tsx(144,33): error TS7006: Parameter 'role' implicitly has an 'any' type.
src/app/permissions/UserPermissionsManager.tsx(211,47): error TS2345: Argument of type 'string | null' is not assignable to parameter of type 'string'.
  Type 'null' is not assignable to type 'string'.
src/app/permissions/UserPermissionsManager.tsx(216,47): error TS2345: Argument of type 'string | null' is not assignable to parameter of type 'string'.
  Type 'null' is not assignable to type 'string'.
src/app/permissions/UserPermissionsManager.tsx(218,52): error TS2345: Argument of type 'string | null' is not assignable to parameter of type 'string'.
  Type 'null' is not assignable to type 'string'.
src/app/permissions/UserPermissionsManager.tsx(278,31): error TS2339: Property 'map' does not exist on type '{ success: boolean; data: Role[]; }'.
src/app/permissions/UserPermissionsManager.tsx(278,35): error TS7006: Parameter 'role' implicitly has an 'any' type.
src/app/product-cost/page.tsx(17,5): error TS2305: Module '"lucide-react"' has no exported member 'Bookmark'.
src/app/product-cost/page.tsx(18,5): error TS2305: Module '"lucide-react"' has no exported member 'CheckCircle'.
src/app/product-cost/page.tsx(19,5): error TS2305: Module '"lucide-react"' has no exported member 'Check'.
src/app/product-cost/page.tsx(20,5): error TS2305: Module '"lucide-react"' has no exported member 'HelpCircle'.
src/app/product-cost/page.tsx(21,5): error TS2305: Module '"lucide-react"' has no exported member 'ChevronLeft'.
src/app/product-groups/page.tsx(24,3): error TS2305: Module '"lucide-react"' has no exported member 'Save'.
src/app/product-groups/page.tsx(27,3): error TS2305: Module '"lucide-react"' has no exported member 'ArrowLeft'.
src/app/product-groups/page.tsx(28,3): error TS2305: Module '"lucide-react"' has no exported member 'Link'.
src/app/projects/[id]/page.tsx(22,5): error TS2305: Module '"lucide-react"' has no exported member 'Target'.
src/app/projects/[id]/page.tsx(24,5): error TS2305: Module '"lucide-react"' has no exported member 'LayoutGrid'.
src/app/projects/[id]/page.tsx(25,5): error TS2305: Module '"lucide-react"' has no exported member 'ChevronDown'.
src/app/projects/[id]/page.tsx(84,14): error TS2304: Cannot find name 'AlertCircle'.
src/app/projects/page.tsx(14,5): error TS2305: Module '"lucide-react"' has no exported member 'Briefcase'.
src/app/projects/page.tsx(23,5): error TS2724: '"lucide-react"' has no exported member named 'Clock'. Did you mean 'Lock'?
src/app/projects/page.tsx(24,5): error TS2305: Module '"lucide-react"' has no exported member 'CheckCircle2'.
src/app/purchases/page-backup.tsx(185,54): error TS2339: Property 'message' does not exist on type 'FetchBaseQueryError | SerializedError'.
  Property 'message' does not exist on type '{ status: number; data: unknown; }'.
src/app/purchases/page-backup.tsx(206,32): error TS18048: 'companiesData.data.companies.length' is possibly 'undefined'.
src/app/purchases/page-backup.tsx(222,93): error TS2339: Property 'totalPurchases' does not exist on type '{}'.
src/app/purchases/page-backup.tsx(234,96): error TS2339: Property 'totalAmount' does not exist on type '{}'.
src/app/purchases/page-backup.tsx(246,97): error TS2339: Property 'totalPaid' does not exist on type '{}'.
src/app/purchases/page-backup.tsx(258,97): error TS2339: Property 'totalRemaining' does not exist on type '{}'.
src/app/purchases/page-simple.tsx(181,56): error TS2339: Property 'message' does not exist on type 'FetchBaseQueryError | SerializedError'.
  Property 'message' does not exist on type '{ status: number; data: unknown; }'.
src/app/purchases/page-simple.tsx(212,32): error TS18048: 'companiesData.data.companies.length' is possibly 'undefined'.
src/app/purchases/page-simple.tsx(228,93): error TS2339: Property 'totalPurchases' does not exist on type '{}'.
src/app/purchases/page-simple.tsx(240,96): error TS2339: Property 'totalAmount' does not exist on type '{}'.
src/app/purchases/page-simple.tsx(252,97): error TS2339: Property 'totalPaid' does not exist on type '{}'.
src/app/purchases/page-simple.tsx(264,97): error TS2339: Property 'totalRemaining' does not exist on type '{}'.
src/app/purchases/page-simple.tsx(396,65): error TS2339: Property 'message' does not exist on type 'FetchBaseQueryError | SerializedError'.
  Property 'message' does not exist on type '{ status: number; data: unknown; }'.
src/app/purchases/page-simple.tsx(556,8): error TS2552: Cannot find name 'CreateSupplierModal'. Did you mean 'showCreateSupplierModal'?
src/app/purchases/page-simple.tsx(562,8): error TS2304: Cannot find name 'PurchaseDetailsModal'.
src/app/reports/page.tsx(35,3): error TS2305: Module '"lucide-react"' has no exported member 'Undo2'.
src/app/reports/page.tsx(36,3): error TS2305: Module '"lucide-react"' has no exported member 'AlertTriangle'.
src/app/reports/page.tsx(37,3): error TS2305: Module '"lucide-react"' has no exported member 'Layers'.
src/app/reports/page.tsx(458,44): error TS2554: Expected 2 arguments, but got 1.
src/app/reports/supplier-products/page.tsx(4,76): error TS2305: Module '"lucide-react"' has no exported member 'Loader'.
src/app/reset-password/page.tsx(78,22): error TS2304: Cannot find name 'CheckCircle'.
src/app/return-payments/page.tsx(15,51): error TS2305: Module '"lucide-react"' has no exported member 'CheckCircle'.
src/app/return-payments/page.tsx(15,64): error TS2305: Module '"lucide-react"' has no exported member 'XCircle'.
src/app/return-payments/page.tsx(15,86): error TS2305: Module '"lucide-react"' has no exported member 'Printer'.
src/app/store-portal/dashboard/page.tsx(8,5): error TS2305: Module '"lucide-react"' has no exported member 'Check'.
src/app/store-portal/invoices/page.tsx(20,5): error TS2305: Module '"lucide-react"' has no exported member 'Check'.
src/app/store-portal/invoices/page.tsx(22,5): error TS2305: Module '"lucide-react"' has no exported member 'Printer'.
src/app/suppliers/page.tsx(13,3): error TS2305: Module '"lucide-react"' has no exported member 'Truck'.
src/app/suppliers/page.tsx(25,3): error TS2305: Module '"lucide-react"' has no exported member 'CheckCircle'.
src/components/NotificationDropdown.tsx(4,16): error TS2305: Module '"lucide-react"' has no exported member 'Check'.
src/components/NotificationDropdown.tsx(4,39): error TS2305: Module '"lucide-react"' has no exported member 'CheckCheck'.
src/components/PermissionsReport.tsx(23,31): error TS2554: Expected 1-2 arguments, but got 0.
src/components/PermissionsReport.tsx(33,17): error TS2538: Type 'null' cannot be used as an index type.
src/components/PermissionsReport.tsx(33,41): error TS2538: Type 'null' cannot be used as an index type.
src/components/PermissionsReport.tsx(87,98): error TS2345: Argument of type 'string | null' is not assignable to parameter of type 'string'.
  Type 'null' is not assignable to type 'string'.
src/components/purchases/CreatePurchaseModal.tsx(251,40): error TS2339: Property 'products' does not exist on type 'ProductsResponse'.
src/components/purchases/CreatePurchaseModal.tsx(251,55): error TS7006: Parameter 'product' implicitly has an 'any' type.
src/config/permissions.ts(201,3): error TS2322: Type 'readonly ["*"] | readonly ["sales:create", "sales:read", "buys:create", "buys:read", "customers:create", "customers:read", "customers:update", "treasury:read", "currencies:read", "dashboard:view"] | readonly ("sales:create" | ... 42 more ... | "nationalities:list")[] | readonly [...] | readonly [...]' is not assignable to type 'string[]'.
  The type 'readonly ["*"]' is 'readonly' and cannot be assigned to the mutable type 'string[]'.
src/state/rootApi.ts(3,32): error TS2307: Cannot find module './nationalitsApi' or its corresponding type declarations.
src/state/rootApi.ts(4,30): error TS2307: Cannot find module './customersApi' or its corresponding type declarations.
src/state/rootApi.ts(5,31): error TS2307: Cannot find module './currenciesApi' or its corresponding type declarations.
src/state/rootApi.ts(6,25): error TS2307: Cannot find module './buysApi' or its corresponding type declarations.
src/state/rootApi.ts(8,26): error TS2307: Cannot find module './debtsApi' or its corresponding type declarations.
src/state/usersApi.ts(148,21): error TS18048: 'userData.roleId' is possibly 'undefined'.
